                   #########       #######                   
                  ##.......#####   #.....###    #########    
                 ##............##  #.......######>......#    
                ##........).....####....................#    
                #.......................................#    
                #.......................................#### 
                #................####......................# 
                #................###.......................##
                #...........................................#
                #................##.........................#
                #...........†......†.........♣♣.♣♣..........#
                #........#.....###.#.........♣♣.♣♣.........##
                #........#...####..#...#.....♣♣≈♣♣♣....>..## 
                #..........### #..#....##.♣♣#♣P≈♣♣..♣..####  
                #..........#####.........♣♣  ♣♣≈.♣♣♣♣♣.#     
                ##.###......#....##.##...♣♣♣≈♣.≈≈    ♣.#     
                ##....#.#.......###.......≈≈≈≈.≈≈r   ..#     
                #..#............###....##♣♣♣♣P≈≈≈♣   ♣..     
                #.##.#.#.#............b##♣♣  ♣♣.♣♣   ♣.#     
                #.###........##.......bh>.#          #.#     
               ##.###.#.#....#).....##.##l#                  
              ##.....................#......                 
             ##...................##.........♣               
             #..................... ......$....              
            ##..............................##..             
           ##...........#....##.####........#  .             
          ##...........##....##.#  ##....####                
          #...........##  ...                                
          #..........##                                      
          #.........##                                       
          #.).......#                                        
        ###...........                                       
        #....)......##                                       
        #.###########                                        
        #.#                                                  
        #.#                                                  
        #.#                                                  
    #####.#                                                  
 ##♣≈≈≈##.#                                                  
 #..♣≈≈≈#.#                                                  
###..♣♣♣#.#                                                  
#<......'.#                                                  
###..♣♣♣###                                                  
 #..♣≈≈≈                                                     
 ##♣≈≈≈##                                                    
    ####                                                     
